[04-Aug-2026 10:15:06 -0400]: <f96b794d> [5 ERR] "PROPFIND /addressbooks/contacto@injul.com.do/addressbook/ HTTP/1.1" NULL
>>>>>>>>
PROPFIND /addressbooks/contacto@injul.com.do/addressbook/ HTTP/1.1
Content-Length: 205
User-Agent: GuzzleHttp/7
Host: 127.0.0.1:2080
Depth: 0
Content-Type: application/xml; charset=UTF-8
Prefer: return=minimal

<?xml version="1.0"?>
<DAV:propfind xmlns:DAV="DAV:" xmlns:CARDDAV="urn:ietf:params:xml:ns:carddav" xmlns:CS="http://calendarserver.org/ns/">
 <DAV:prop>
  <DAV:resourcetype/>
 </DAV:prop>
</DAV:propfind>

<<<<<<<<

--------
cURL error 52: Empty reply from server (see https://curl.se/libcurl/c/libcurl-errors.html) for https://127.0.0.1:2080/addressbooks/contacto@injul.com.do/addressbook/ 
[04-Aug-2026 10:15:06 -0400]: <f96b794d> [5 ERR] "PROPFIND /addressbooks/contacto@injul.com.do/addressbook/ HTTP/1.1" NULL
>>>>>>>>
PROPFIND /addressbooks/contacto@injul.com.do/addressbook/ HTTP/1.1
Content-Length: 215
User-Agent: GuzzleHttp/7
Host: 127.0.0.1:2080
Depth: 0
Content-Type: application/xml; charset=UTF-8
Prefer: return=minimal

<?xml version="1.0"?>
<DAV:propfind xmlns:DAV="DAV:" xmlns:CARDDAV="urn:ietf:params:xml:ns:carddav" xmlns:CS="http://calendarserver.org/ns/">
 <DAV:prop>
  <DAV:current-user-principal/>
 </DAV:prop>
</DAV:propfind>

<<<<<<<<

--------
cURL error 52: Empty reply from server (see https://curl.se/libcurl/c/libcurl-errors.html) for https://127.0.0.1:2080/addressbooks/contacto@injul.com.do/addressbook/ 
[04-Aug-2026 10:15:06 -0400]: <f96b794d> [5 ERR] "PROPFIND /.well-known/carddav HTTP/1.1" NULL
>>>>>>>>
PROPFIND /.well-known/carddav HTTP/1.1
Content-Length: 215
User-Agent: GuzzleHttp/7
Host: 127.0.0.1:2080
Depth: 0
Content-Type: application/xml; charset=UTF-8
Prefer: return=minimal

<?xml version="1.0"?>
<DAV:propfind xmlns:DAV="DAV:" xmlns:CARDDAV="urn:ietf:params:xml:ns:carddav" xmlns:CS="http://calendarserver.org/ns/">
 <DAV:prop>
  <DAV:current-user-principal/>
 </DAV:prop>
</DAV:propfind>

<<<<<<<<

--------
cURL error 52: Empty reply from server (see https://curl.se/libcurl/c/libcurl-errors.html) for https://127.0.0.1:2080/.well-known/carddav 
[04-Aug-2026 10:15:07 -0400]: <f96b794d> [5 ERR] "PROPFIND / HTTP/1.1" NULL
>>>>>>>>
PROPFIND / HTTP/1.1
Content-Length: 215
User-Agent: GuzzleHttp/7
Host: 127.0.0.1:2080
Depth: 0
Content-Type: application/xml; charset=UTF-8
Prefer: return=minimal

<?xml version="1.0"?>
<DAV:propfind xmlns:DAV="DAV:" xmlns:CARDDAV="urn:ietf:params:xml:ns:carddav" xmlns:CS="http://calendarserver.org/ns/">
 <DAV:prop>
  <DAV:current-user-principal/>
 </DAV:prop>
</DAV:propfind>

<<<<<<<<

--------
cURL error 52: Empty reply from server (see https://curl.se/libcurl/c/libcurl-errors.html) for https://127.0.0.1:2080/ 
[04-Aug-2026 10:15:07 -0400]: <f96b794d> [5 ERR] "PROPFIND /co HTTP/1.1" NULL
>>>>>>>>
PROPFIND /co HTTP/1.1
Content-Length: 215
User-Agent: GuzzleHttp/7
Host: 127.0.0.1:2080
Depth: 0
Content-Type: application/xml; charset=UTF-8
Prefer: return=minimal

<?xml version="1.0"?>
<DAV:propfind xmlns:DAV="DAV:" xmlns:CARDDAV="urn:ietf:params:xml:ns:carddav" xmlns:CS="http://calendarserver.org/ns/">
 <DAV:prop>
  <DAV:current-user-principal/>
 </DAV:prop>
</DAV:propfind>

<<<<<<<<

--------
cURL error 52: Empty reply from server (see https://curl.se/libcurl/c/libcurl-errors.html) for https://127.0.0.1:2080/co 
[04-Aug-2026 10:15:13 -0400]: <f96b794d> [5 ERR] "PROPFIND /addressbooks/contacto@injul.com.do/addressbook/ HTTP/1.1" NULL
>>>>>>>>
PROPFIND /addressbooks/contacto@injul.com.do/addressbook/ HTTP/1.1
Content-Length: 205
User-Agent: GuzzleHttp/7
Host: 127.0.0.1:2080
Depth: 0
Content-Type: application/xml; charset=UTF-8
Prefer: return=minimal

<?xml version="1.0"?>
<DAV:propfind xmlns:DAV="DAV:" xmlns:CARDDAV="urn:ietf:params:xml:ns:carddav" xmlns:CS="http://calendarserver.org/ns/">
 <DAV:prop>
  <DAV:resourcetype/>
 </DAV:prop>
</DAV:propfind>

<<<<<<<<

--------
cURL error 52: Empty reply from server (see https://curl.se/libcurl/c/libcurl-errors.html) for https://127.0.0.1:2080/addressbooks/contacto@injul.com.do/addressbook/ 
