[12-Apr-2026 09:13:16 America/New_York] PHP Deprecated:  session_set_save_handler(): Providing individual callbacks instead of an object implementing SessionHandlerInterface is deprecated in /usr/local/cpanel/base/3rdparty/roundcube/program/lib/Roundcube/rcube_session.php on line 119
[12-Apr-2026 09:13:17 America/New_York] Schema updates detected in /usr/local/cpanel/base/3rdparty/roundcube/plugins/libkolab/SQL/sqlite.initial.sql, applying now...
[12-Apr-2026 09:13:17 America/New_York] Schema updates detected in /usr/local/cpanel/base/3rdparty/roundcube/plugins/calendar/drivers/database/SQL/sqlite.initial.sql, applying now...
[12-Apr-2026 09:13:17 America/New_York] Schema updates detected in /usr/local/cpanel/base/3rdparty/roundcube/plugins/calendar/drivers/caldav/SQL/sqlite.initial.sql, applying now...
[12-Apr-2026 09:13:19 America/New_York] PHP Deprecated:  session_set_save_handler(): Providing individual callbacks instead of an object implementing SessionHandlerInterface is deprecated in /usr/local/cpanel/base/3rdparty/roundcube/program/lib/Roundcube/rcube_session.php on line 119
[12-Apr-2026 09:13:21 America/New_York] PHP Deprecated:  session_set_save_handler(): Providing individual callbacks instead of an object implementing SessionHandlerInterface is deprecated in /usr/local/cpanel/base/3rdparty/roundcube/program/lib/Roundcube/rcube_session.php on line 119
[12-Apr-2026 09:13:21 America/New_York] PHP Deprecated:  session_set_save_handler(): Providing individual callbacks instead of an object implementing SessionHandlerInterface is deprecated in /usr/local/cpanel/base/3rdparty/roundcube/program/lib/Roundcube/rcube_session.php on line 119
[12-Apr-2026 09:13:23 America/New_York] PHP Deprecated:  session_set_save_handler(): Providing individual callbacks instead of an object implementing SessionHandlerInterface is deprecated in /usr/local/cpanel/base/3rdparty/roundcube/program/lib/Roundcube/rcube_session.php on line 119
[12-Apr-2026 09:13:24 America/New_York] PHP Deprecated:  session_set_save_handler(): Providing individual callbacks instead of an object implementing SessionHandlerInterface is deprecated in /usr/local/cpanel/base/3rdparty/roundcube/program/lib/Roundcube/rcube_session.php on line 119
[12-Apr-2026 09:14:05 America/New_York] PHP Deprecated:  session_set_save_handler(): Providing individual callbacks instead of an object implementing SessionHandlerInterface is deprecated in /usr/local/cpanel/base/3rdparty/roundcube/program/lib/Roundcube/rcube_session.php on line 119
[12-Apr-2026 09:14:07 America/New_York] PHP Deprecated:  session_set_save_handler(): Providing individual callbacks instead of an object implementing SessionHandlerInterface is deprecated in /usr/local/cpanel/base/3rdparty/roundcube/program/lib/Roundcube/rcube_session.php on line 119
[12-Apr-2026 09:14:07 America/New_York] PHP Deprecated:  session_set_save_handler(): Providing individual callbacks instead of an object implementing SessionHandlerInterface is deprecated in /usr/local/cpanel/base/3rdparty/roundcube/program/lib/Roundcube/rcube_session.php on line 119
[12-Apr-2026 09:14:10 America/New_York] PHP Deprecated:  session_set_save_handler(): Providing individual callbacks instead of an object implementing SessionHandlerInterface is deprecated in /usr/local/cpanel/base/3rdparty/roundcube/program/lib/Roundcube/rcube_session.php on line 119
[12-Apr-2026 09:14:10 America/New_York] PHP Deprecated:  session_set_save_handler(): Providing individual callbacks instead of an object implementing SessionHandlerInterface is deprecated in /usr/local/cpanel/base/3rdparty/roundcube/program/lib/Roundcube/rcube_session.php on line 119
[12-Apr-2026 09:14:10 America/New_York] PHP Deprecated:  session_set_save_handler(): Providing individual callbacks instead of an object implementing SessionHandlerInterface is deprecated in /usr/local/cpanel/base/3rdparty/roundcube/program/lib/Roundcube/rcube_session.php on line 119
[12-Apr-2026 09:14:21 America/New_York] PHP Deprecated:  session_set_save_handler(): Providing individual callbacks instead of an object implementing SessionHandlerInterface is deprecated in /usr/local/cpanel/base/3rdparty/roundcube/program/lib/Roundcube/rcube_session.php on line 119
[12-Apr-2026 11:41:06 America/New_York] PHP Deprecated:  session_set_save_handler(): Providing individual callbacks instead of an object implementing SessionHandlerInterface is deprecated in /usr/local/cpanel/base/3rdparty/roundcube/program/lib/Roundcube/rcube_session.php on line 119
[12-Apr-2026 11:41:07 America/New_York] PHP Deprecated:  session_set_save_handler(): Providing individual callbacks instead of an object implementing SessionHandlerInterface is deprecated in /usr/local/cpanel/base/3rdparty/roundcube/program/lib/Roundcube/rcube_session.php on line 119
[12-Apr-2026 11:41:08 America/New_York] PHP Deprecated:  session_set_save_handler(): Providing individual callbacks instead of an object implementing SessionHandlerInterface is deprecated in /usr/local/cpanel/base/3rdparty/roundcube/program/lib/Roundcube/rcube_session.php on line 119
[12-Apr-2026 11:41:09 America/New_York] PHP Deprecated:  session_set_save_handler(): Providing individual callbacks instead of an object implementing SessionHandlerInterface is deprecated in /usr/local/cpanel/base/3rdparty/roundcube/program/lib/Roundcube/rcube_session.php on line 119
[12-Apr-2026 11:41:10 America/New_York] PHP Deprecated:  session_set_save_handler(): Providing individual callbacks instead of an object implementing SessionHandlerInterface is deprecated in /usr/local/cpanel/base/3rdparty/roundcube/program/lib/Roundcube/rcube_session.php on line 119
[12-Apr-2026 11:41:11 America/New_York] PHP Deprecated:  session_set_save_handler(): Providing individual callbacks instead of an object implementing SessionHandlerInterface is deprecated in /usr/local/cpanel/base/3rdparty/roundcube/program/lib/Roundcube/rcube_session.php on line 119
[12-Apr-2026 13:52:37 America/New_York] PHP Deprecated:  session_set_save_handler(): Providing individual callbacks instead of an object implementing SessionHandlerInterface is deprecated in /usr/local/cpanel/base/3rdparty/roundcube/program/lib/Roundcube/rcube_session.php on line 119
[12-Apr-2026 13:52:38 America/New_York] PHP Deprecated:  session_set_save_handler(): Providing individual callbacks instead of an object implementing SessionHandlerInterface is deprecated in /usr/local/cpanel/base/3rdparty/roundcube/program/lib/Roundcube/rcube_session.php on line 119
[12-Apr-2026 13:52:40 America/New_York] PHP Deprecated:  session_set_save_handler(): Providing individual callbacks instead of an object implementing SessionHandlerInterface is deprecated in /usr/local/cpanel/base/3rdparty/roundcube/program/lib/Roundcube/rcube_session.php on line 119
[12-Apr-2026 13:52:40 America/New_York] PHP Deprecated:  session_set_save_handler(): Providing individual callbacks instead of an object implementing SessionHandlerInterface is deprecated in /usr/local/cpanel/base/3rdparty/roundcube/program/lib/Roundcube/rcube_session.php on line 119
[12-Apr-2026 13:52:42 America/New_York] PHP Deprecated:  session_set_save_handler(): Providing individual callbacks instead of an object implementing SessionHandlerInterface is deprecated in /usr/local/cpanel/base/3rdparty/roundcube/program/lib/Roundcube/rcube_session.php on line 119
[12-Apr-2026 13:52:42 America/New_York] PHP Deprecated:  session_set_save_handler(): Providing individual callbacks instead of an object implementing SessionHandlerInterface is deprecated in /usr/local/cpanel/base/3rdparty/roundcube/program/lib/Roundcube/rcube_session.php on line 119
[04-Aug-2026 10:15:06 America/New_York] PHP Deprecated:  session_set_save_handler(): Providing individual callbacks instead of an object implementing SessionHandlerInterface is deprecated in /usr/local/cpanel/base/3rdparty/roundcube/program/lib/Roundcube/rcube_session.php on line 119
[04-Aug-2026 10:15:07 America/New_York] PHP Deprecated:  session_set_save_handler(): Providing individual callbacks instead of an object implementing SessionHandlerInterface is deprecated in /usr/local/cpanel/base/3rdparty/roundcube/program/lib/Roundcube/rcube_session.php on line 119
[04-Aug-2026 10:15:08 America/New_York] PHP Deprecated:  session_set_save_handler(): Providing individual callbacks instead of an object implementing SessionHandlerInterface is deprecated in /usr/local/cpanel/base/3rdparty/roundcube/program/lib/Roundcube/rcube_session.php on line 119
[04-Aug-2026 10:15:08 America/New_York] PHP Deprecated:  session_set_save_handler(): Providing individual callbacks instead of an object implementing SessionHandlerInterface is deprecated in /usr/local/cpanel/base/3rdparty/roundcube/program/lib/Roundcube/rcube_session.php on line 119
[04-Aug-2026 10:15:13 America/New_York] PHP Deprecated:  session_set_save_handler(): Providing individual callbacks instead of an object implementing SessionHandlerInterface is deprecated in /usr/local/cpanel/base/3rdparty/roundcube/program/lib/Roundcube/rcube_session.php on line 119
[04-Aug-2026 10:15:13 America/New_York] PHP Deprecated:  session_set_save_handler(): Providing individual callbacks instead of an object implementing SessionHandlerInterface is deprecated in /usr/local/cpanel/base/3rdparty/roundcube/program/lib/Roundcube/rcube_session.php on line 119
